#-----------------------------------------------------------
# Vivado v2023.2 (64-bit)
# SW Build 4029153 on Fri Oct 13 20:14:34 MDT 2023
# IP Build 4028589 on Sat Oct 14 00:45:43 MDT 2023
# SharedData Build 4025554 on Tue Oct 10 17:18:54 MDT 2023
# Start of session at: Mon Jan 29 13:59:00 2024
# Process ID: 29672
# Current directory: C:/Users/mauli/OneDrive/Desktop/DD Lab/Projects/Lab_02/lab_02_full_adder
# Command line: vivado.exe -gui_launcher_event rodinguilauncherevent27492 C:\Users\mauli\OneDrive\Desktop\DD Lab\Projects\Lab_02\lab_02_full_adder\lab_02_full_adder.xpr
# Log file: C:/Users/mauli/OneDrive/Desktop/DD Lab/Projects/Lab_02/lab_02_full_adder/vivado.log
# Journal file: C:/Users/mauli/OneDrive/Desktop/DD Lab/Projects/Lab_02/lab_02_full_adder\vivado.jou
# Running On: LAPTOP-698SEBEQ, OS: Windows, CPU Frequency: 3110 MHz, CPU Physical cores: 4, Host memory: 8362 MB
#-----------------------------------------------------------
start_gui
open_project {C:/Users/mauli/OneDrive/Desktop/DD Lab/Projects/Lab_02/lab_02_full_adder/lab_02_full_adder.xpr}
update_compile_order -fileset sources_1
file mkdir C:/Users/mauli/OneDrive/Desktop/DD Lab/Projects/Lab_02/lab_02_full_adder/lab_02_full_adder.srcs/sim_1/new
file mkdir C:/Users/mauli/OneDrive/Desktop/DD Lab/Projects/Lab_02/lab_02_full_adder/lab_02_full_adder.srcs/sim_1/new
create_fileset -simset sim_2
file mkdir C:/Users/mauli/OneDrive/Desktop/DD Lab/Projects/Lab_02/lab_02_full_adder/lab_02_full_adder.srcs/sim_2/new
file mkdir C:/Users/mauli/OneDrive/Desktop/DD Lab/Projects/Lab_02/lab_02_full_adder/lab_02_full_adder.srcs/sim_2/new
file mkdir C:/Users/mauli/OneDrive/Desktop/DD Lab/Projects/Lab_02/lab_02_full_adder/lab_02_full_adder.srcs/sim_2/new
file mkdir C:/Users/mauli/OneDrive/Desktop/DD Lab/Projects/Lab_02/lab_02_full_adder/lab_02_full_adder.srcs/sim_2/new
file mkdir C:/Users/mauli/OneDrive/Desktop/DD Lab/Projects/Lab_02/lab_02_full_adder/lab_02_full_adder.srcs/sim_2/new
set_property SOURCE_SET sources_1 [get_filesets sim_2]
file mkdir C:/Users/mauli/OneDrive/Desktop/DD Lab/Projects/Lab_02/lab_02_full_adder/lab_02_full_adder.srcs/sim_2/new
file mkdir {C:/Users/mauli/OneDrive/Desktop/DD Lab/Projects/Lab_02/lab_02_full_adder/lab_02_full_adder.srcs/sim_2/new}
close [ open {C:/Users/mauli/OneDrive/Desktop/DD Lab/Projects/Lab_02/lab_02_full_adder/lab_02_full_adder.srcs/sim_2/new/ssd_test_bench.v} w ]
add_files -fileset sim_2 {{C:/Users/mauli/OneDrive/Desktop/DD Lab/Projects/Lab_02/lab_02_full_adder/lab_02_full_adder.srcs/sim_2/new/ssd_test_bench.v}}
update_compile_order -fileset sim_2
delete_fileset [ get_filesets sim_2 ]
file delete -force {C:/Users/mauli/OneDrive/Desktop/DD Lab/Projects/Lab_02/lab_02_full_adder/lab_02_full_adder.srcs/sim_2}
launch_simulation
source seven_seg_display.tcl
add_force {/seven_seg_display/A3} -radix bin {0 0ns} {1 5000ps} -repeat_every 10000ps
add_force {/seven_seg_display/A2} -radix bin {0 0ns} {1 5000ps} -repeat_every 10000ps
add_force {/seven_seg_display/A1} -radix bin {0 0ns} {1 5000ps} -repeat_every 10000ps
add_force {/seven_seg_display/A0} -radix bin {0 0ns} {1 5000ps} -repeat_every 10000ps
add_force {/seven_seg_display/A3} -radix bin {0 0ns} {1 5000ps} -repeat_every 10000ps
add_force {/seven_seg_display/A2} -radix bin {0 0ns} {1 5000ps} -repeat_every 10000ps
add_force {/seven_seg_display/A1} -radix bin {0 0ns} {1 5000ps} -repeat_every 10000ps
add_force {/seven_seg_display/A0} -radix bin {0 0ns} {1 5000ps} -repeat_every 10000ps
save_wave_config {C:/Users/mauli/OneDrive/Desktop/DD Lab/Projects/Lab_02/lab_02_full_adder/seven_seg_display_behav.wcfg}
add_files -fileset sim_1 -norecurse {{C:/Users/mauli/OneDrive/Desktop/DD Lab/Projects/Lab_02/lab_02_full_adder/seven_seg_display_behav.wcfg}}
set_property xsim.view {{C:/Users/mauli/OneDrive/Desktop/DD Lab/Projects/Lab_02/lab_02_full_adder/seven_seg_display_behav.wcfg}} [get_filesets sim_1]
save_wave_config {C:/Users/mauli/OneDrive/Desktop/DD Lab/Projects/Lab_02/lab_02_full_adder/seven_seg_display_behav.wcfg}
synth_design -top seven_seg_display -part xc7z020clg400-1 -lint 
close_sim
launch_simulation
open_wave_config {C:/Users/mauli/OneDrive/Desktop/DD Lab/Projects/Lab_02/lab_02_full_adder/seven_seg_display_behav.wcfg}
source seven_seg_display.tcl
add_force {/seven_seg_display/A3} -radix bin {1 0ns} {0 50000ps} -repeat_every 100000ps -cancel_after 20ns
synth_design -top seven_seg_display -part xc7z020clg400-1 -lint 
synth_design -rtl -rtl_skip_mlo -name rtl_1
launch_runs synth_1 -jobs 4
wait_on_run synth_1
launch_runs impl_1 -jobs 4
wait_on_run impl_1
launch_runs impl_1 -to_step write_bitstream -jobs 4
wait_on_run impl_1
open_hw_manager
connect_hw_server -allow_non_jtag
open_hw_target
set_property PROGRAM.FILE {C:/Users/mauli/OneDrive/Desktop/DD Lab/Projects/Lab_02/lab_02_full_adder/lab_02_full_adder.runs/impl_1/seven_seg_display.bit} [get_hw_devices xc7z020_1]
current_hw_device [get_hw_devices xc7z020_1]
refresh_hw_device -update_hw_probes false [lindex [get_hw_devices xc7z020_1] 0]
refresh_hw_device [lindex [get_hw_devices xc7z020_1] 0]
synth_design -top seven_seg_display -part xc7z020clg400-1 -lint 
synth_design -top seven_seg_display -part xc7z020clg400-1 -lint 
reset_run synth_1
launch_runs synth_1 -jobs 4
wait_on_run synth_1
launch_runs impl_1 -jobs 4
wait_on_run impl_1
launch_runs impl_1 -to_step write_bitstream -jobs 4
wait_on_run impl_1
disconnect_hw_server localhost:3121
connect_hw_server -allow_non_jtag
disconnect_hw_server localhost:3121
connect_hw_server -allow_non_jtag
open_hw_target
set_property PROGRAM.FILE {C:/Users/mauli/OneDrive/Desktop/DD Lab/Projects/Lab_02/lab_02_full_adder/lab_02_full_adder.runs/impl_1/seven_seg_display.bit} [get_hw_devices xc7z020_1]
current_hw_device [get_hw_devices xc7z020_1]
refresh_hw_device -update_hw_probes false [lindex [get_hw_devices xc7z020_1] 0]
set_property PROBES.FILE {} [get_hw_devices xc7z020_1]
set_property FULL_PROBES.FILE {} [get_hw_devices xc7z020_1]
set_property PROGRAM.FILE {C:/Users/mauli/OneDrive/Desktop/DD Lab/Projects/Lab_02/lab_02_full_adder/lab_02_full_adder.runs/impl_1/seven_seg_display.bit} [get_hw_devices xc7z020_1]
program_hw_devices [get_hw_devices xc7z020_1]
refresh_hw_device [lindex [get_hw_devices xc7z020_1] 0]
disconnect_hw_server localhost:3121
connect_hw_server -allow_non_jtag
disconnect_hw_server localhost:3121
connect_hw_server -allow_non_jtag
open_hw_target
set_property PROGRAM.FILE {C:/Users/mauli/OneDrive/Desktop/DD Lab/Projects/Lab_02/lab_02_full_adder/lab_02_full_adder.runs/impl_1/seven_seg_display.bit} [get_hw_devices xc7z020_1]
current_hw_device [get_hw_devices xc7z020_1]
refresh_hw_device -update_hw_probes false [lindex [get_hw_devices xc7z020_1] 0]
set_property PROBES.FILE {} [get_hw_devices xc7z020_1]
set_property FULL_PROBES.FILE {} [get_hw_devices xc7z020_1]
set_property PROGRAM.FILE {C:/Users/mauli/OneDrive/Desktop/DD Lab/Projects/Lab_02/lab_02_full_adder/lab_02_full_adder.runs/impl_1/seven_seg_display.bit} [get_hw_devices xc7z020_1]
program_hw_devices [get_hw_devices xc7z020_1]
refresh_hw_device [lindex [get_hw_devices xc7z020_1] 0]
set_property PROBES.FILE {} [get_hw_devices xc7z020_1]
set_property FULL_PROBES.FILE {} [get_hw_devices xc7z020_1]
set_property PROGRAM.FILE {C:/Users/mauli/OneDrive/Desktop/DD Lab/Projects/Lab_02/lab_02_full_adder/lab_02_full_adder.runs/impl_1/seven_seg_display.bit} [get_hw_devices xc7z020_1]
program_hw_devices [get_hw_devices xc7z020_1]
set_property PROBES.FILE {} [get_hw_devices xc7z020_1]
set_property FULL_PROBES.FILE {} [get_hw_devices xc7z020_1]
set_property PROGRAM.FILE {C:/Users/mauli/OneDrive/Desktop/DD Lab/Projects/Lab_02/lab_02_full_adder/lab_02_full_adder.runs/impl_1/seven_seg_display.bit} [get_hw_devices xc7z020_1]
program_hw_devices [get_hw_devices xc7z020_1]
refresh_hw_device [lindex [get_hw_devices xc7z020_1] 0]
set_property PROBES.FILE {} [get_hw_devices xc7z020_1]
set_property FULL_PROBES.FILE {} [get_hw_devices xc7z020_1]
set_property PROGRAM.FILE {C:/Users/mauli/OneDrive/Desktop/DD Lab/Projects/Lab_02/lab_02_full_adder/lab_02_full_adder.runs/impl_1/seven_seg_display.bit} [get_hw_devices xc7z020_1]
program_hw_devices [get_hw_devices xc7z020_1]
refresh_hw_device [lindex [get_hw_devices xc7z020_1] 0]
set_property PROBES.FILE {} [get_hw_devices xc7z020_1]
set_property FULL_PROBES.FILE {} [get_hw_devices xc7z020_1]
set_property PROGRAM.FILE {C:/Users/mauli/OneDrive/Desktop/DD Lab/Projects/Lab_02/lab_02_full_adder/lab_02_full_adder.runs/impl_1/seven_seg_display.bit} [get_hw_devices xc7z020_1]
program_hw_devices [get_hw_devices xc7z020_1]
refresh_hw_device [lindex [get_hw_devices xc7z020_1] 0]
refresh_hw_device [lindex [get_hw_devices xc7z020_1] 0]
set_property PROBES.FILE {} [get_hw_devices xc7z020_1]
set_property FULL_PROBES.FILE {} [get_hw_devices xc7z020_1]
set_property PROGRAM.FILE {C:/Users/mauli/OneDrive/Desktop/DD Lab/Projects/Lab_02/lab_02_full_adder/lab_02_full_adder.runs/impl_1/seven_seg_display.bit} [get_hw_devices xc7z020_1]
program_hw_devices [get_hw_devices xc7z020_1]
refresh_hw_device [lindex [get_hw_devices xc7z020_1] 0]
close_sim
