#-----------------------------------------------------------
# Vivado v2023.2 (64-bit)
# SW Build 4029153 on Fri Oct 13 20:14:34 MDT 2023
# IP Build 4028589 on Sat Oct 14 00:45:43 MDT 2023
# SharedData Build 4025554 on Tue Oct 10 17:18:54 MDT 2023
# Start of session at: Sun Apr 14 23:20:18 2024
# Process ID: 20988
# Current directory: C:/Users/mauli/OneDrive/Desktop/DD Lab/Projects/Lab_07
# Command line: vivado.exe -gui_launcher_event rodinguilauncherevent20348 C:\Users\mauli\OneDrive\Desktop\DD Lab\Projects\Lab_07\Lab_07_shift_register.xpr
# Log file: C:/Users/mauli/OneDrive/Desktop/DD Lab/Projects/Lab_07/vivado.log
# Journal file: C:/Users/mauli/OneDrive/Desktop/DD Lab/Projects/Lab_07\vivado.jou
# Running On: LAPTOP-698SEBEQ, OS: Windows, CPU Frequency: 3110 MHz, CPU Physical cores: 4, Host memory: 8362 MB
#-----------------------------------------------------------
start_gui
open_project {C:/Users/mauli/OneDrive/Desktop/DD Lab/Projects/Lab_07/Lab_07_shift_register.xpr}
update_compile_order -fileset sources_1
current_fileset -simset [ get_filesets sim_4 ]
# Disabling source management mode.  This is to allow the top design properties to be set without GUI intervention.
set_property source_mgmt_mode None [current_project]
set_property top testMulti [get_filesets sim_4]
set_property top_lib xil_defaultlib [get_filesets sim_4]
# Re-enabling previously disabled source management mode.
set_property source_mgmt_mode All [current_project]
update_compile_order -fileset sim_4
launch_simulation -simset [get_filesets sim_4 ]
launch_simulation -simset [get_filesets sim_4 ]
source testMulti.tcl
close_sim
launch_simulation -simset [get_filesets sim_4 ]
source testMulti.tcl
close_sim
launch_simulation -simset [get_filesets sim_4 ]
launch_simulation -simset [get_filesets sim_4 ]
launch_simulation -simset [get_filesets sim_4 ]
source testMulti.tcl
close_sim
launch_simulation -simset [get_filesets sim_4 ]
source testMulti.tcl
close_sim
