#-----------------------------------------------------------
# Vivado v2023.2 (64-bit)
# SW Build 4029153 on Fri Oct 13 20:14:34 MDT 2023
# IP Build 4028589 on Sat Oct 14 00:45:43 MDT 2023
# SharedData Build 4025554 on Tue Oct 10 17:18:54 MDT 2023
# Start of session at: Sun Apr 14 15:24:43 2024
# Process ID: 8628
# Current directory: C:/Users/mauli/OneDrive/Desktop/DD Lab/Projects/Lab_07
# Command line: vivado.exe -gui_launcher_event rodinguilauncherevent17944 C:\Users\mauli\OneDrive\Desktop\DD Lab\Projects\Lab_07\Lab_07_shift_register.xpr
# Log file: C:/Users/mauli/OneDrive/Desktop/DD Lab/Projects/Lab_07/vivado.log
# Journal file: C:/Users/mauli/OneDrive/Desktop/DD Lab/Projects/Lab_07\vivado.jou
# Running On: LAPTOP-698SEBEQ, OS: Windows, CPU Frequency: 3110 MHz, CPU Physical cores: 4, Host memory: 8362 MB
#-----------------------------------------------------------
start_gui
open_project {C:/Users/mauli/OneDrive/Desktop/DD Lab/Projects/Lab_07/Lab_07_shift_register.xpr}
update_compile_order -fileset sources_1
create_fileset -simset sim_2
file mkdir C:/Users/mauli/OneDrive/Desktop/DD Lab/Projects/Lab_07/Lab_07_shift_register.srcs/sim_2/new
file mkdir C:/Users/mauli/OneDrive/Desktop/DD Lab/Projects/Lab_07/Lab_07_shift_register.srcs/sim_2/new
file mkdir C:/Users/mauli/OneDrive/Desktop/DD Lab/Projects/Lab_07/Lab_07_shift_register.srcs/sim_2/new
file mkdir C:/Users/mauli/OneDrive/Desktop/DD Lab/Projects/Lab_07/Lab_07_shift_register.srcs/sim_2/new
file mkdir C:/Users/mauli/OneDrive/Desktop/DD Lab/Projects/Lab_07/Lab_07_shift_register.srcs/sim_2/new
set_property SOURCE_SET sources_1 [get_filesets sim_2]
file mkdir C:/Users/mauli/OneDrive/Desktop/DD Lab/Projects/Lab_07/Lab_07_shift_register.srcs/sim_2/new
file mkdir {C:/Users/mauli/OneDrive/Desktop/DD Lab/Projects/Lab_07/Lab_07_shift_register.srcs/sim_2/new}
close [ open {C:/Users/mauli/OneDrive/Desktop/DD Lab/Projects/Lab_07/Lab_07_shift_register.srcs/sim_2/new/testbench.v} w ]
add_files -fileset sim_2 {{C:/Users/mauli/OneDrive/Desktop/DD Lab/Projects/Lab_07/Lab_07_shift_register.srcs/sim_2/new/testbench.v}}
update_compile_order -fileset sim_2
update_compile_order -fileset sim_2
current_fileset -simset [ get_filesets sim_2 ]
launch_simulation -simset [get_filesets sim_2 ]
launch_simulation -simset [get_filesets sim_2 ]
source testbench.tcl
close_sim
launch_simulation -simset [get_filesets sim_2 ]
source testbench.tcl
close_sim
launch_simulation -simset [get_filesets sim_2 ]
source testbench.tcl
close_sim
close [ open {C:/Users/mauli/OneDrive/Desktop/DD Lab/Projects/Lab_07/Lab_07_shift_register.srcs/sources_1/new/shifter6.v} w ]
add_files {{C:/Users/mauli/OneDrive/Desktop/DD Lab/Projects/Lab_07/Lab_07_shift_register.srcs/sources_1/new/shifter6.v}}
update_compile_order -fileset sources_1
create_fileset -simset sim_3
file mkdir C:/Users/mauli/OneDrive/Desktop/DD Lab/Projects/Lab_07/Lab_07_shift_register.srcs/sim_3/new
file mkdir C:/Users/mauli/OneDrive/Desktop/DD Lab/Projects/Lab_07/Lab_07_shift_register.srcs/sim_3/new
file mkdir C:/Users/mauli/OneDrive/Desktop/DD Lab/Projects/Lab_07/Lab_07_shift_register.srcs/sim_3/new
file mkdir C:/Users/mauli/OneDrive/Desktop/DD Lab/Projects/Lab_07/Lab_07_shift_register.srcs/sim_3/new
file mkdir C:/Users/mauli/OneDrive/Desktop/DD Lab/Projects/Lab_07/Lab_07_shift_register.srcs/sim_3/new
set_property SOURCE_SET sources_1 [get_filesets sim_3]
file mkdir C:/Users/mauli/OneDrive/Desktop/DD Lab/Projects/Lab_07/Lab_07_shift_register.srcs/sim_3/new
file mkdir {C:/Users/mauli/OneDrive/Desktop/DD Lab/Projects/Lab_07/Lab_07_shift_register.srcs/sim_3/new}
close [ open {C:/Users/mauli/OneDrive/Desktop/DD Lab/Projects/Lab_07/Lab_07_shift_register.srcs/sim_3/new/test6.v} w ]
add_files -fileset sim_3 {{C:/Users/mauli/OneDrive/Desktop/DD Lab/Projects/Lab_07/Lab_07_shift_register.srcs/sim_3/new/test6.v}}
update_compile_order -fileset sim_3
# Disabling source management mode.  This is to allow the top design properties to be set without GUI intervention.
set_property source_mgmt_mode None [current_project]
set_property top test6 [get_filesets sim_3]
set_property top_lib xil_defaultlib [get_filesets sim_3]
# Re-enabling previously disabled source management mode.
set_property source_mgmt_mode All [current_project]
update_compile_order -fileset sim_3
current_fileset -simset [ get_filesets sim_3 ]
launch_simulation -simset [get_filesets sim_3 ]
source testbench.tcl
close_sim
current_fileset -simset [ get_filesets sim_2 ]
launch_simulation -simset [get_filesets sim_2 ]
source testbench.tcl
close_sim
current_fileset -simset [ get_filesets sim_3 ]
launch_simulation -simset [get_filesets sim_3 ]
source testbench.tcl
close_sim
close [ open {C:/Users/mauli/OneDrive/Desktop/DD Lab/Projects/Lab_07/Lab_07_shift_register.srcs/sources_1/new/multi6.v} w ]
add_files {{C:/Users/mauli/OneDrive/Desktop/DD Lab/Projects/Lab_07/Lab_07_shift_register.srcs/sources_1/new/multi6.v}}
update_compile_order -fileset sources_1
# Disabling source management mode.  This is to allow the top design properties to be set without GUI intervention.
set_property source_mgmt_mode None [current_project]
set_property top multi6 [current_fileset]
# Re-enabling previously disabled source management mode.
set_property source_mgmt_mode All [current_project]
update_compile_order -fileset sources_1
update_compile_order -fileset sources_1
create_fileset -simset sim_4
file mkdir C:/Users/mauli/OneDrive/Desktop/DD Lab/Projects/Lab_07/Lab_07_shift_register.srcs/sim_4/new
file mkdir C:/Users/mauli/OneDrive/Desktop/DD Lab/Projects/Lab_07/Lab_07_shift_register.srcs/sim_4/new
file mkdir C:/Users/mauli/OneDrive/Desktop/DD Lab/Projects/Lab_07/Lab_07_shift_register.srcs/sim_4/new
file mkdir C:/Users/mauli/OneDrive/Desktop/DD Lab/Projects/Lab_07/Lab_07_shift_register.srcs/sim_4/new
file mkdir C:/Users/mauli/OneDrive/Desktop/DD Lab/Projects/Lab_07/Lab_07_shift_register.srcs/sim_4/new
set_property SOURCE_SET sources_1 [get_filesets sim_4]
file mkdir C:/Users/mauli/OneDrive/Desktop/DD Lab/Projects/Lab_07/Lab_07_shift_register.srcs/sim_4/new
file mkdir {C:/Users/mauli/OneDrive/Desktop/DD Lab/Projects/Lab_07/Lab_07_shift_register.srcs/sim_4/new}
close [ open {C:/Users/mauli/OneDrive/Desktop/DD Lab/Projects/Lab_07/Lab_07_shift_register.srcs/sim_4/new/testMulti.v} w ]
add_files -fileset sim_4 {{C:/Users/mauli/OneDrive/Desktop/DD Lab/Projects/Lab_07/Lab_07_shift_register.srcs/sim_4/new/testMulti.v}}
update_compile_order -fileset sim_4
