#-----------------------------------------------------------
# Vivado v2023.2 (64-bit)
# SW Build 4029153 on Fri Oct 13 20:14:34 MDT 2023
# IP Build 4028589 on Sat Oct 14 00:45:43 MDT 2023
# SharedData Build 4025554 on Tue Oct 10 17:18:54 MDT 2023
# Start of session at: Mon Feb  5 11:10:15 2024
# Process ID: 29984
# Current directory: C:/Users/mauli/OneDrive/Desktop/DD Lab/Projects/Lab_02/Lab2B_4BitAdder
# Command line: vivado.exe -gui_launcher_event rodinguilauncherevent23452 C:\Users\mauli\OneDrive\Desktop\DD Lab\Projects\Lab_02\Lab2B_4BitAdder\Lab2B_4BitAdder.xpr
# Log file: C:/Users/mauli/OneDrive/Desktop/DD Lab/Projects/Lab_02/Lab2B_4BitAdder/vivado.log
# Journal file: C:/Users/mauli/OneDrive/Desktop/DD Lab/Projects/Lab_02/Lab2B_4BitAdder\vivado.jou
# Running On: LAPTOP-698SEBEQ, OS: Windows, CPU Frequency: 3110 MHz, CPU Physical cores: 4, Host memory: 8362 MB
#-----------------------------------------------------------
start_gui
open_project {C:/Users/mauli/OneDrive/Desktop/DD Lab/Projects/Lab_02/Lab2B_4BitAdder/Lab2B_4BitAdder.xpr}
update_compile_order -fileset sources_1
launch_simulation -simset [get_filesets sim_2 ]
open_wave_config {C:/Users/mauli/OneDrive/Desktop/DD Lab/Projects/Lab_02/Lab2B_4BitAdder/B4A_testbench_behav.wcfg}
source B4A_testbench.tcl
close_sim
