#-----------------------------------------------------------
# Vivado v2023.2 (64-bit)
# SW Build 4029153 on Fri Oct 13 20:14:34 MDT 2023
# IP Build 4028589 on Sat Oct 14 00:45:43 MDT 2023
# SharedData Build 4025554 on Tue Oct 10 17:18:54 MDT 2023
# Start of session at: Tue Feb 27 19:37:42 2024
# Process ID: 24636
# Current directory: C:/Users/mauli/OneDrive/Desktop/DD Lab/Projects/Lab_04/Lab_04_adder_subtractor
# Command line: vivado.exe -gui_launcher_event rodinguilauncherevent22668 C:\Users\mauli\OneDrive\Desktop\DD Lab\Projects\Lab_04\Lab_04_adder_subtractor\Lab_04_adder_subtractor.xpr
# Log file: C:/Users/mauli/OneDrive/Desktop/DD Lab/Projects/Lab_04/Lab_04_adder_subtractor/vivado.log
# Journal file: C:/Users/mauli/OneDrive/Desktop/DD Lab/Projects/Lab_04/Lab_04_adder_subtractor\vivado.jou
# Running On: LAPTOP-698SEBEQ, OS: Windows, CPU Frequency: 3110 MHz, CPU Physical cores: 4, Host memory: 8362 MB
#-----------------------------------------------------------
start_gui
open_project {C:/Users/mauli/OneDrive/Desktop/DD Lab/Projects/Lab_04/Lab_04_adder_subtractor/Lab_04_adder_subtractor.xpr}
file mkdir C:/Users/mauli/OneDrive/Desktop/DD Lab/Projects/Lab_04/Lab_04_adder_subtractor/Lab_04_adder_subtractor.srcs/sources_1/new
file mkdir C:/Users/mauli/OneDrive/Desktop/DD Lab/Projects/Lab_04/Lab_04_adder_subtractor/Lab_04_adder_subtractor.srcs/sources_1/new
file mkdir C:/Users/mauli/OneDrive/Desktop/DD Lab/Projects/Lab_04/Lab_04_adder_subtractor/Lab_04_adder_subtractor.srcs/sources_1/new
file mkdir C:/Users/mauli/OneDrive/Desktop/DD Lab/Projects/Lab_04/Lab_04_adder_subtractor/Lab_04_adder_subtractor.srcs/sources_1/new
file mkdir C:/Users/mauli/OneDrive/Desktop/DD Lab/Projects/Lab_04/Lab_04_adder_subtractor/Lab_04_adder_subtractor.srcs/sources_1/new
file mkdir C:/Users/mauli/OneDrive/Desktop/DD Lab/Projects/Lab_04/Lab_04_adder_subtractor/Lab_04_adder_subtractor.srcs/sources_1/new
file mkdir {C:/Users/mauli/OneDrive/Desktop/DD Lab/Projects/Lab_04/Lab_04_adder_subtractor/Lab_04_adder_subtractor.srcs/sources_1/new}
close [ open {C:/Users/mauli/OneDrive/Desktop/DD Lab/Projects/Lab_04/Lab_04_adder_subtractor/Lab_04_adder_subtractor.srcs/sources_1/new/bcd_AS.v} w ]
add_files {{C:/Users/mauli/OneDrive/Desktop/DD Lab/Projects/Lab_04/Lab_04_adder_subtractor/Lab_04_adder_subtractor.srcs/sources_1/new/bcd_AS.v}}
update_compile_order -fileset sources_1
add_files -fileset constrs_1 -norecurse {{C:/Users/mauli/OneDrive/Desktop/DD Lab/Projects/Lab_04/PYNQ-Z2 v1.0.xdc}}
create_fileset -simset sim_2
file mkdir C:/Users/mauli/OneDrive/Desktop/DD Lab/Projects/Lab_04/Lab_04_adder_subtractor/Lab_04_adder_subtractor.srcs/sim_2/new
file mkdir C:/Users/mauli/OneDrive/Desktop/DD Lab/Projects/Lab_04/Lab_04_adder_subtractor/Lab_04_adder_subtractor.srcs/sim_2/new
file mkdir C:/Users/mauli/OneDrive/Desktop/DD Lab/Projects/Lab_04/Lab_04_adder_subtractor/Lab_04_adder_subtractor.srcs/sim_2/new
file mkdir C:/Users/mauli/OneDrive/Desktop/DD Lab/Projects/Lab_04/Lab_04_adder_subtractor/Lab_04_adder_subtractor.srcs/sim_2/new
file mkdir C:/Users/mauli/OneDrive/Desktop/DD Lab/Projects/Lab_04/Lab_04_adder_subtractor/Lab_04_adder_subtractor.srcs/sim_2/new
set_property SOURCE_SET sources_1 [get_filesets sim_2]
file mkdir C:/Users/mauli/OneDrive/Desktop/DD Lab/Projects/Lab_04/Lab_04_adder_subtractor/Lab_04_adder_subtractor.srcs/sim_2/new
file mkdir {C:/Users/mauli/OneDrive/Desktop/DD Lab/Projects/Lab_04/Lab_04_adder_subtractor/Lab_04_adder_subtractor.srcs/sim_2/new}
close [ open {C:/Users/mauli/OneDrive/Desktop/DD Lab/Projects/Lab_04/Lab_04_adder_subtractor/Lab_04_adder_subtractor.srcs/sim_2/new/testbench.v} w ]
add_files -fileset sim_2 {{C:/Users/mauli/OneDrive/Desktop/DD Lab/Projects/Lab_04/Lab_04_adder_subtractor/Lab_04_adder_subtractor.srcs/sim_2/new/testbench.v}}
update_compile_order -fileset sim_2
current_fileset -simset [ get_filesets sim_2 ]
# Disabling source management mode.  This is to allow the top design properties to be set without GUI intervention.
set_property source_mgmt_mode None [current_project]
set_property top testbench [get_filesets sim_2]
set_property top_lib xil_defaultlib [get_filesets sim_2]
# Re-enabling previously disabled source management mode.
set_property source_mgmt_mode All [current_project]
update_compile_order -fileset sim_2
launch_simulation -simset [get_filesets sim_2 ]
source testbench.tcl
close_sim
update_compile_order -fileset sim_2
launch_simulation -simset [get_filesets sim_2 ]
source testbench.tcl
close_sim
export_ip_user_files -of_objects  [get_files {{C:/Users/mauli/OneDrive/Desktop/DD Lab/Projects/Lab_04/Lab_04_adder_subtractor/Lab_04_adder_subtractor.srcs/sim_2/new/testbench.v}}] -no_script -reset -force -quiet
remove_files  -fileset sim_2 {{C:/Users/mauli/OneDrive/Desktop/DD Lab/Projects/Lab_04/Lab_04_adder_subtractor/Lab_04_adder_subtractor.srcs/sim_2/new/testbench.v}}
file delete -force {C:/Users/mauli/OneDrive/Desktop/DD Lab/Projects/Lab_04/Lab_04_adder_subtractor/Lab_04_adder_subtractor.srcs/sim_2/new/testbench.v}
set_property SOURCE_SET sources_1 [get_filesets sim_2]
close [ open {C:/Users/mauli/OneDrive/Desktop/DD Lab/Projects/Lab_04/Lab_04_adder_subtractor/Lab_04_adder_subtractor.srcs/sim_2/new/testbench.v} w ]
add_files -fileset sim_2 {{C:/Users/mauli/OneDrive/Desktop/DD Lab/Projects/Lab_04/Lab_04_adder_subtractor/Lab_04_adder_subtractor.srcs/sim_2/new/testbench.v}}
update_compile_order -fileset sim_2
# Disabling source management mode.  This is to allow the top design properties to be set without GUI intervention.
set_property source_mgmt_mode None [current_project]
set_property top testbench [get_filesets sim_2]
set_property top_lib xil_defaultlib [get_filesets sim_2]
# Re-enabling previously disabled source management mode.
set_property source_mgmt_mode All [current_project]
update_compile_order -fileset sim_2
launch_simulation -simset [get_filesets sim_2 ]
source testbench.tcl
close_sim
