#-----------------------------------------------------------
# Vivado v2023.2 (64-bit)
# SW Build 4029153 on Fri Oct 13 20:14:34 MDT 2023
# IP Build 4028589 on Sat Oct 14 00:45:43 MDT 2023
# SharedData Build 4025554 on Tue Oct 10 17:18:54 MDT 2023
# Start of session at: Mon Jan 22 16:02:51 2024
# Process ID: 11384
# Current directory: C:/Users/mauli/OneDrive/Desktop/DD Lab/Projects/LAB_01_ half_adder/LAB_01_ half_adder.runs/impl_1
# Command line: vivado.exe -log half_adder.vdi -applog -product Vivado -messageDb vivado.pb -mode batch -source half_adder.tcl -notrace
# Log file: C:/Users/mauli/OneDrive/Desktop/DD Lab/Projects/LAB_01_ half_adder/LAB_01_ half_adder.runs/impl_1/half_adder.vdi
# Journal file: C:/Users/mauli/OneDrive/Desktop/DD Lab/Projects/LAB_01_ half_adder/LAB_01_ half_adder.runs/impl_1\vivado.jou
# Running On: LAPTOP-698SEBEQ, OS: Windows, CPU Frequency: 3110 MHz, CPU Physical cores: 4, Host memory: 8362 MB
#-----------------------------------------------------------
source half_adder.tcl -notrace
